Analysis & Synthesis report for PPT_FPGA_CYC_4
Fri Oct 10 14:49:40 2025
Quartus II 64-Bit Version 13.0.1 Build 232 06/12/2013 Service Pack 1 SJ Web Edition


---------------------
; Table of Contents ;
---------------------
  1. Legal Notice
  2. Analysis & Synthesis Summary
  3. Analysis & Synthesis Settings
  4. Parallel Compilation
  5. Analysis & Synthesis Source Files Read
  6. Analysis & Synthesis Resource Usage Summary
  7. Analysis & Synthesis Resource Utilization by Entity
  8. Registers Removed During Synthesis
  9. General Register Statistics
 10. Inverted Register Statistics
 11. Multiplexer Restructuring Statistics (Restructuring Performed)
 12. Parameter Settings for User Entity Instance: serialGPIO:inst4|async_receiver:RX
 13. Parameter Settings for User Entity Instance: serialGPIO:inst4|async_receiver:RX|BaudTickGen:tickgen
 14. Parameter Settings for User Entity Instance: serialGPIO:inst4|async_transmitter:TX
 15. Parameter Settings for User Entity Instance: serialGPIO:inst4|async_transmitter:TX|BaudTickGen:tickgen
 16. Parameter Settings for User Entity Instance: spi_module:inst17
 17. Parameter Settings for Inferred Entity Instance: igbt_trigger:inst26|lpm_mult:Mult0
 18. lpm_mult Parameter Settings by Entity Instance
 19. Port Connectivity Checks: "serialGPIO:inst4|async_transmitter:TX"
 20. Port Connectivity Checks: "serialGPIO:inst4|async_receiver:RX|BaudTickGen:tickgen"
 21. Port Connectivity Checks: "serialGPIO:inst4|async_receiver:RX"
 22. Elapsed Time Per Partition
 23. Analysis & Synthesis Messages
 24. Analysis & Synthesis Suppressed Messages



----------------
; Legal Notice ;
----------------
Copyright (C) 1991-2013 Altera Corporation
Your use of Altera Corporation's design tools, logic functions 
and other software and tools, and its AMPP partner logic 
functions, and any output files from any of the foregoing 
(including device programming or simulation files), and any 
associated documentation or information are expressly subject 
to the terms and conditions of the Altera Program License 
Subscription Agreement, Altera MegaCore Function License 
Agreement, or other applicable license agreement, including, 
without limitation, that your use is for the sole purpose of 
programming logic devices manufactured by Altera and sold by 
Altera or its authorized distributors.  Please refer to the 
applicable agreement for further details.



+--------------------------------------------------------------------------------------+
; Analysis & Synthesis Summary                                                         ;
+------------------------------------+-------------------------------------------------+
; Analysis & Synthesis Status        ; Successful - Fri Oct 10 14:49:40 2025           ;
; Quartus II 64-Bit Version          ; 13.0.1 Build 232 06/12/2013 SP 1 SJ Web Edition ;
; Revision Name                      ; PPT_FPGA_CYC_4                                  ;
; Top-level Entity Name              ; PPT_FPGA_CYC_4                                  ;
; Family                             ; Cyclone II                                      ;
; Total logic elements               ; 481                                             ;
;     Total combinational functions  ; 422                                             ;
;     Dedicated logic registers      ; 291                                             ;
; Total registers                    ; 291                                             ;
; Total pins                         ; 25                                              ;
; Total virtual pins                 ; 0                                               ;
; Total memory bits                  ; 0                                               ;
; Embedded Multiplier 9-bit elements ; 0                                               ;
; Total PLLs                         ; 0                                               ;
+------------------------------------+-------------------------------------------------+


+----------------------------------------------------------------------------------------------------------------------+
; Analysis & Synthesis Settings                                                                                        ;
+----------------------------------------------------------------------------+--------------------+--------------------+
; Option                                                                     ; Setting            ; Default Value      ;
+----------------------------------------------------------------------------+--------------------+--------------------+
; Device                                                                     ; EP2C5T144C8        ;                    ;
; Top-level entity name                                                      ; PPT_FPGA_CYC_4     ; PPT_FPGA_CYC_4     ;
; Family name                                                                ; Cyclone II         ; Cyclone IV GX      ;
; Use smart compilation                                                      ; Off                ; Off                ;
; Enable parallel Assembler and TimeQuest Timing Analyzer during compilation ; On                 ; On                 ;
; Enable compact report table                                                ; Off                ; Off                ;
; Restructure Multiplexers                                                   ; Auto               ; Auto               ;
; Create Debugging Nodes for IP Cores                                        ; Off                ; Off                ;
; Preserve fewer node names                                                  ; On                 ; On                 ;
; Disable OpenCore Plus hardware evaluation                                  ; Off                ; Off                ;
; Verilog Version                                                            ; Verilog_2001       ; Verilog_2001       ;
; VHDL Version                                                               ; VHDL_1993          ; VHDL_1993          ;
; State Machine Processing                                                   ; Auto               ; Auto               ;
; Safe State Machine                                                         ; Off                ; Off                ;
; Extract Verilog State Machines                                             ; On                 ; On                 ;
; Extract VHDL State Machines                                                ; On                 ; On                 ;
; Ignore Verilog initial constructs                                          ; Off                ; Off                ;
; Iteration limit for constant Verilog loops                                 ; 5000               ; 5000               ;
; Iteration limit for non-constant Verilog loops                             ; 250                ; 250                ;
; Add Pass-Through Logic to Inferred RAMs                                    ; On                 ; On                 ;
; Infer RAMs from Raw Logic                                                  ; On                 ; On                 ;
; Parallel Synthesis                                                         ; On                 ; On                 ;
; DSP Block Balancing                                                        ; Auto               ; Auto               ;
; NOT Gate Push-Back                                                         ; On                 ; On                 ;
; Power-Up Don't Care                                                        ; On                 ; On                 ;
; Remove Redundant Logic Cells                                               ; Off                ; Off                ;
; Remove Duplicate Registers                                                 ; On                 ; On                 ;
; Ignore CARRY Buffers                                                       ; Off                ; Off                ;
; Ignore CASCADE Buffers                                                     ; Off                ; Off                ;
; Ignore GLOBAL Buffers                                                      ; Off                ; Off                ;
; Ignore ROW GLOBAL Buffers                                                  ; Off                ; Off                ;
; Ignore LCELL Buffers                                                       ; Off                ; Off                ;
; Ignore SOFT Buffers                                                        ; On                 ; On                 ;
; Limit AHDL Integers to 32 Bits                                             ; Off                ; Off                ;
; Optimization Technique                                                     ; Balanced           ; Balanced           ;
; Carry Chain Length                                                         ; 70                 ; 70                 ;
; Auto Carry Chains                                                          ; On                 ; On                 ;
; Auto Open-Drain Pins                                                       ; On                 ; On                 ;
; Perform WYSIWYG Primitive Resynthesis                                      ; Off                ; Off                ;
; Auto ROM Replacement                                                       ; On                 ; On                 ;
; Auto RAM Replacement                                                       ; On                 ; On                 ;
; Auto Shift Register Replacement                                            ; Auto               ; Auto               ;
; Allow Shift Register Merging across Hierarchies                            ; Auto               ; Auto               ;
; Auto Clock Enable Replacement                                              ; On                 ; On                 ;
; Strict RAM Replacement                                                     ; Off                ; Off                ;
; Allow Synchronous Control Signals                                          ; On                 ; On                 ;
; Force Use of Synchronous Clear Signals                                     ; Off                ; Off                ;
; Auto RAM to Logic Cell Conversion                                          ; Off                ; Off                ;
; Auto Resource Sharing                                                      ; Off                ; Off                ;
; Allow Any RAM Size For Recognition                                         ; Off                ; Off                ;
; Allow Any ROM Size For Recognition                                         ; Off                ; Off                ;
; Allow Any Shift Register Size For Recognition                              ; Off                ; Off                ;
; Use LogicLock Constraints during Resource Balancing                        ; On                 ; On                 ;
; Ignore translate_off and synthesis_off directives                          ; Off                ; Off                ;
; Timing-Driven Synthesis                                                    ; Off                ; Off                ;
; Report Parameter Settings                                                  ; On                 ; On                 ;
; Report Source Assignments                                                  ; On                 ; On                 ;
; Report Connectivity Checks                                                 ; On                 ; On                 ;
; Ignore Maximum Fan-Out Assignments                                         ; Off                ; Off                ;
; Synchronization Register Chain Length                                      ; 2                  ; 2                  ;
; PowerPlay Power Optimization                                               ; Normal compilation ; Normal compilation ;
; HDL message level                                                          ; Level2             ; Level2             ;
; Suppress Register Optimization Related Messages                            ; Off                ; Off                ;
; Number of Removed Registers Reported in Synthesis Report                   ; 5000               ; 5000               ;
; Number of Swept Nodes Reported in Synthesis Report                         ; 5000               ; 5000               ;
; Number of Inverted Registers Reported in Synthesis Report                  ; 100                ; 100                ;
; Clock MUX Protection                                                       ; On                 ; On                 ;
; Auto Gated Clock Conversion                                                ; Off                ; Off                ;
; Block Design Naming                                                        ; Auto               ; Auto               ;
; SDC constraint protection                                                  ; Off                ; Off                ;
; Synthesis Effort                                                           ; Auto               ; Auto               ;
; Shift Register Replacement - Allow Asynchronous Clear Signal               ; On                 ; On                 ;
; Pre-Mapping Resynthesis Optimization                                       ; Off                ; Off                ;
; Analysis & Synthesis Message Level                                         ; Medium             ; Medium             ;
; Disable Register Merging Across Hierarchies                                ; Auto               ; Auto               ;
; Resource Aware Inference For Block RAM                                     ; On                 ; On                 ;
; Synthesis Seed                                                             ; 1                  ; 1                  ;
+----------------------------------------------------------------------------+--------------------+--------------------+


Parallel compilation was disabled, but you have multiple processors available. Enable parallel compilation to reduce compilation time.
+-------------------------------------+
; Parallel Compilation                ;
+----------------------------+--------+
; Processors                 ; Number ;
+----------------------------+--------+
; Number detected on machine ; 16     ;
; Maximum allowed            ; 1      ;
+----------------------------+--------+


+-------------------------------------------------------------------------------------------------------------------------------------------------------------------------------------------+
; Analysis & Synthesis Source Files Read                                                                                                                                                    ;
+-------------------------------------+-----------------+------------------------------------+------------------------------------------------------------------------------------+---------+
; File Name with User-Entered Path    ; Used in Netlist ; File Type                          ; File Name with Absolute Path                                                       ; Library ;
+-------------------------------------+-----------------+------------------------------------+------------------------------------------------------------------------------------+---------+
; PPT_FPGA_CYC_4.bdf                  ; yes             ; User Block Diagram/Schematic File  ; C:/Users/gshes/OneDrive/Desktop/PPT_FPGA_CYC_4/PPT_FPGA_CYC_4.bdf                  ;         ;
; output_files/pushbutton_debouncer.v ; yes             ; User Verilog HDL File              ; C:/Users/gshes/OneDrive/Desktop/PPT_FPGA_CYC_4/output_files/pushbutton_debouncer.v ;         ;
; async_receiver.v                    ; yes             ; User Verilog HDL File              ; C:/Users/gshes/OneDrive/Desktop/PPT_FPGA_CYC_4/async_receiver.v                    ;         ;
; async_transmitter.v                 ; yes             ; User Verilog HDL File              ; C:/Users/gshes/OneDrive/Desktop/PPT_FPGA_CYC_4/async_transmitter.v                 ;         ;
; serial_GPIO.v                       ; yes             ; User Verilog HDL File              ; C:/Users/gshes/OneDrive/Desktop/PPT_FPGA_CYC_4/serial_GPIO.v                       ;         ;
; output_files/spi_module.v           ; yes             ; User Verilog HDL File              ; C:/Users/gshes/OneDrive/Desktop/PPT_FPGA_CYC_4/output_files/spi_module.v           ;         ;
; output_files/igbt_trigger_module.v  ; yes             ; User Verilog HDL File              ; C:/Users/gshes/OneDrive/Desktop/PPT_FPGA_CYC_4/output_files/igbt_trigger_module.v  ;         ;
; output_files/cap_charger.v          ; yes             ; User Verilog HDL File              ; C:/Users/gshes/OneDrive/Desktop/PPT_FPGA_CYC_4/output_files/cap_charger.v          ;         ;
; output_files/fire_controller.v      ; yes             ; User Verilog HDL File              ; C:/Users/gshes/OneDrive/Desktop/PPT_FPGA_CYC_4/output_files/fire_controller.v      ;         ;
; lpm_mult.tdf                        ; yes             ; Megafunction                       ; c:/altera/13.0sp1/quartus/libraries/megafunctions/lpm_mult.tdf                     ;         ;
; aglobal130.inc                      ; yes             ; Megafunction                       ; c:/altera/13.0sp1/quartus/libraries/megafunctions/aglobal130.inc                   ;         ;
; lpm_add_sub.inc                     ; yes             ; Megafunction                       ; c:/altera/13.0sp1/quartus/libraries/megafunctions/lpm_add_sub.inc                  ;         ;
; multcore.inc                        ; yes             ; Megafunction                       ; c:/altera/13.0sp1/quartus/libraries/megafunctions/multcore.inc                     ;         ;
; bypassff.inc                        ; yes             ; Megafunction                       ; c:/altera/13.0sp1/quartus/libraries/megafunctions/bypassff.inc                     ;         ;
; altshift.inc                        ; yes             ; Megafunction                       ; c:/altera/13.0sp1/quartus/libraries/megafunctions/altshift.inc                     ;         ;
; multcore.tdf                        ; yes             ; Megafunction                       ; c:/altera/13.0sp1/quartus/libraries/megafunctions/multcore.tdf                     ;         ;
; csa_add.inc                         ; yes             ; Megafunction                       ; c:/altera/13.0sp1/quartus/libraries/megafunctions/csa_add.inc                      ;         ;
; mpar_add.inc                        ; yes             ; Megafunction                       ; c:/altera/13.0sp1/quartus/libraries/megafunctions/mpar_add.inc                     ;         ;
; muleabz.inc                         ; yes             ; Megafunction                       ; c:/altera/13.0sp1/quartus/libraries/megafunctions/muleabz.inc                      ;         ;
; mul_lfrg.inc                        ; yes             ; Megafunction                       ; c:/altera/13.0sp1/quartus/libraries/megafunctions/mul_lfrg.inc                     ;         ;
; mul_boothc.inc                      ; yes             ; Megafunction                       ; c:/altera/13.0sp1/quartus/libraries/megafunctions/mul_boothc.inc                   ;         ;
; alt_ded_mult.inc                    ; yes             ; Megafunction                       ; c:/altera/13.0sp1/quartus/libraries/megafunctions/alt_ded_mult.inc                 ;         ;
; alt_ded_mult_y.inc                  ; yes             ; Megafunction                       ; c:/altera/13.0sp1/quartus/libraries/megafunctions/alt_ded_mult_y.inc               ;         ;
; dffpipe.inc                         ; yes             ; Megafunction                       ; c:/altera/13.0sp1/quartus/libraries/megafunctions/dffpipe.inc                      ;         ;
; mpar_add.tdf                        ; yes             ; Megafunction                       ; c:/altera/13.0sp1/quartus/libraries/megafunctions/mpar_add.tdf                     ;         ;
; lpm_add_sub.tdf                     ; yes             ; Megafunction                       ; c:/altera/13.0sp1/quartus/libraries/megafunctions/lpm_add_sub.tdf                  ;         ;
; addcore.inc                         ; yes             ; Megafunction                       ; c:/altera/13.0sp1/quartus/libraries/megafunctions/addcore.inc                      ;         ;
; look_add.inc                        ; yes             ; Megafunction                       ; c:/altera/13.0sp1/quartus/libraries/megafunctions/look_add.inc                     ;         ;
; alt_stratix_add_sub.inc             ; yes             ; Megafunction                       ; c:/altera/13.0sp1/quartus/libraries/megafunctions/alt_stratix_add_sub.inc          ;         ;
; db/add_sub_1ch.tdf                  ; yes             ; Auto-Generated Megafunction        ; C:/Users/gshes/OneDrive/Desktop/PPT_FPGA_CYC_4/db/add_sub_1ch.tdf                  ;         ;
; altshift.tdf                        ; yes             ; Megafunction                       ; c:/altera/13.0sp1/quartus/libraries/megafunctions/altshift.tdf                     ;         ;
+-------------------------------------+-----------------+------------------------------------+------------------------------------------------------------------------------------+---------+


+-----------------------------------------------------+
; Analysis & Synthesis Resource Usage Summary         ;
+---------------------------------------------+-------+
; Resource                                    ; Usage ;
+---------------------------------------------+-------+
; Estimated Total logic elements              ; 481   ;
;                                             ;       ;
; Total combinational functions               ; 422   ;
; Logic element usage by number of LUT inputs ;       ;
;     -- 4 input functions                    ; 171   ;
;     -- 3 input functions                    ; 59    ;
;     -- <=2 input functions                  ; 192   ;
;                                             ;       ;
; Logic elements by mode                      ;       ;
;     -- normal mode                          ; 263   ;
;     -- arithmetic mode                      ; 159   ;
;                                             ;       ;
; Total registers                             ; 291   ;
;     -- Dedicated logic registers            ; 291   ;
;     -- I/O registers                        ; 0     ;
;                                             ;       ;
; I/O pins                                    ; 25    ;
; Embedded Multiplier 9-bit elements          ; 0     ;
; Maximum fan-out node                        ; CLK   ;
; Maximum fan-out                             ; 291   ;
; Total fan-out                               ; 2052  ;
; Average fan-out                             ; 2.78  ;
+---------------------------------------------+-------+


+-------------------------------------------------------------------------------------------------------------------------------------------------------------------------------------------------------------------------------------------------------------------------------------------------------------------+
; Analysis & Synthesis Resource Utilization by Entity                                                                                                                                                                                                                                                               ;
+------------------------------------------------+-------------------+--------------+-------------+--------------+---------+-----------+------+--------------+---------------------------------------------------------------------------------------------------------------------------------------+--------------+
; Compilation Hierarchy Node                     ; LC Combinationals ; LC Registers ; Memory Bits ; DSP Elements ; DSP 9x9 ; DSP 18x18 ; Pins ; Virtual Pins ; Full Hierarchy Name                                                                                                                   ; Library Name ;
+------------------------------------------------+-------------------+--------------+-------------+--------------+---------+-----------+------+--------------+---------------------------------------------------------------------------------------------------------------------------------------+--------------+
; |PPT_FPGA_CYC_4                                ; 422 (1)           ; 291 (0)      ; 0           ; 0            ; 0       ; 0         ; 25   ; 0            ; |PPT_FPGA_CYC_4                                                                                                                       ; work         ;
;    |CapacitorCharger:inst27|                   ; 4 (4)             ; 3 (3)        ; 0           ; 0            ; 0       ; 0         ; 0    ; 0            ; |PPT_FPGA_CYC_4|CapacitorCharger:inst27                                                                                               ; work         ;
;    |CapacitorCharger:inst29|                   ; 4 (4)             ; 3 (3)        ; 0           ; 0            ; 0       ; 0         ; 0    ; 0            ; |PPT_FPGA_CYC_4|CapacitorCharger:inst29                                                                                               ; work         ;
;    |FireController:inst30|                     ; 2 (2)             ; 3 (3)        ; 0           ; 0            ; 0       ; 0         ; 0    ; 0            ; |PPT_FPGA_CYC_4|FireController:inst30                                                                                                 ; work         ;
;    |PushButton_Debouncer:inst10|               ; 24 (24)           ; 19 (19)      ; 0           ; 0            ; 0       ; 0         ; 0    ; 0            ; |PPT_FPGA_CYC_4|PushButton_Debouncer:inst10                                                                                           ; work         ;
;    |PushButton_Debouncer:inst11|               ; 24 (24)           ; 19 (19)      ; 0           ; 0            ; 0       ; 0         ; 0    ; 0            ; |PPT_FPGA_CYC_4|PushButton_Debouncer:inst11                                                                                           ; work         ;
;    |PushButton_Debouncer:inst5|                ; 23 (23)           ; 19 (19)      ; 0           ; 0            ; 0       ; 0         ; 0    ; 0            ; |PPT_FPGA_CYC_4|PushButton_Debouncer:inst5                                                                                            ; work         ;
;    |PushButton_Debouncer:inst6|                ; 23 (23)           ; 19 (19)      ; 0           ; 0            ; 0       ; 0         ; 0    ; 0            ; |PPT_FPGA_CYC_4|PushButton_Debouncer:inst6                                                                                            ; work         ;
;    |PushButton_Debouncer:inst8|                ; 24 (24)           ; 19 (19)      ; 0           ; 0            ; 0       ; 0         ; 0    ; 0            ; |PPT_FPGA_CYC_4|PushButton_Debouncer:inst8                                                                                            ; work         ;
;    |PushButton_Debouncer:inst9|                ; 24 (24)           ; 19 (19)      ; 0           ; 0            ; 0       ; 0         ; 0    ; 0            ; |PPT_FPGA_CYC_4|PushButton_Debouncer:inst9                                                                                            ; work         ;
;    |igbt_trigger:inst26|                       ; 75 (54)           ; 19 (19)      ; 0           ; 0            ; 0       ; 0         ; 0    ; 0            ; |PPT_FPGA_CYC_4|igbt_trigger:inst26                                                                                                   ; work         ;
;       |lpm_mult:Mult0|                         ; 21 (0)            ; 0 (0)        ; 0           ; 0            ; 0       ; 0         ; 0    ; 0            ; |PPT_FPGA_CYC_4|igbt_trigger:inst26|lpm_mult:Mult0                                                                                    ; work         ;
;          |multcore:mult_core|                  ; 21 (12)           ; 0 (0)        ; 0           ; 0            ; 0       ; 0         ; 0    ; 0            ; |PPT_FPGA_CYC_4|igbt_trigger:inst26|lpm_mult:Mult0|multcore:mult_core                                                                 ; work         ;
;             |mpar_add:padder|                  ; 9 (0)             ; 0 (0)        ; 0           ; 0            ; 0       ; 0         ; 0    ; 0            ; |PPT_FPGA_CYC_4|igbt_trigger:inst26|lpm_mult:Mult0|multcore:mult_core|mpar_add:padder                                                 ; work         ;
;                |lpm_add_sub:adder[0]|          ; 9 (0)             ; 0 (0)        ; 0           ; 0            ; 0       ; 0         ; 0    ; 0            ; |PPT_FPGA_CYC_4|igbt_trigger:inst26|lpm_mult:Mult0|multcore:mult_core|mpar_add:padder|lpm_add_sub:adder[0]                            ; work         ;
;                   |add_sub_1ch:auto_generated| ; 9 (9)             ; 0 (0)        ; 0           ; 0            ; 0       ; 0         ; 0    ; 0            ; |PPT_FPGA_CYC_4|igbt_trigger:inst26|lpm_mult:Mult0|multcore:mult_core|mpar_add:padder|lpm_add_sub:adder[0]|add_sub_1ch:auto_generated ; work         ;
;    |serialGPIO:inst4|                          ; 165 (89)          ; 124 (60)     ; 0           ; 0            ; 0       ; 0         ; 0    ; 0            ; |PPT_FPGA_CYC_4|serialGPIO:inst4                                                                                                      ; work         ;
;       |async_receiver:RX|                      ; 35 (20)           ; 35 (21)      ; 0           ; 0            ; 0       ; 0         ; 0    ; 0            ; |PPT_FPGA_CYC_4|serialGPIO:inst4|async_receiver:RX                                                                                    ; work         ;
;          |BaudTickGen:tickgen|                 ; 15 (15)           ; 14 (14)      ; 0           ; 0            ; 0       ; 0         ; 0    ; 0            ; |PPT_FPGA_CYC_4|serialGPIO:inst4|async_receiver:RX|BaudTickGen:tickgen                                                                ; work         ;
;       |async_transmitter:TX|                   ; 41 (24)           ; 29 (12)      ; 0           ; 0            ; 0       ; 0         ; 0    ; 0            ; |PPT_FPGA_CYC_4|serialGPIO:inst4|async_transmitter:TX                                                                                 ; work         ;
;          |BaudTickGen:tickgen|                 ; 17 (17)           ; 17 (17)      ; 0           ; 0            ; 0       ; 0         ; 0    ; 0            ; |PPT_FPGA_CYC_4|serialGPIO:inst4|async_transmitter:TX|BaudTickGen:tickgen                                                             ; work         ;
;    |spi_module:inst17|                         ; 29 (29)           ; 25 (25)      ; 0           ; 0            ; 0       ; 0         ; 0    ; 0            ; |PPT_FPGA_CYC_4|spi_module:inst17                                                                                                     ; work         ;
+------------------------------------------------+-------------------+--------------+-------------+--------------+---------+-----------+------+--------------+---------------------------------------------------------------------------------------------------------------------------------------+--------------+
Note: For table entries with two numbers listed, the numbers in parentheses indicate the number of resources of the given type used by the specific entity alone. The numbers listed outside of parentheses indicate the total resources of the given type used by the specific entity and all of its sub-entities in the hierarchy.


+---------------------------------------------------------------------------------+
; Registers Removed During Synthesis                                              ;
+---------------------------------------+-----------------------------------------+
; Register name                         ; Reason for Removal                      ;
+---------------------------------------+-----------------------------------------+
; FireController:inst30|charge_rst      ; Stuck at GND due to stuck port data_in  ;
; spi_module:inst17|r_SPI_Clk_Count[2]  ; Merged with spi_module:inst17|r_SPI_Clk ;
; Total Number of Removed Registers = 2 ;                                         ;
+---------------------------------------+-----------------------------------------+


+------------------------------------------------------+
; General Register Statistics                          ;
+----------------------------------------------+-------+
; Statistic                                    ; Value ;
+----------------------------------------------+-------+
; Total registers                              ; 291   ;
; Number of registers using Synchronous Clear  ; 101   ;
; Number of registers using Synchronous Load   ; 23    ;
; Number of registers using Asynchronous Clear ; 0     ;
; Number of registers using Asynchronous Load  ; 0     ;
; Number of registers using Clock Enable       ; 102   ;
; Number of registers using Preset             ; 0     ;
+----------------------------------------------+-------+


+------------------------------------------------------------+
; Inverted Register Statistics                               ;
+--------------------------------------------------+---------+
; Inverted Register                                ; Fan out ;
+--------------------------------------------------+---------+
; serialGPIO:inst4|async_receiver:RX|RxD_bit       ; 4       ;
; serialGPIO:inst4|async_receiver:RX|Filter_cnt[0] ; 3       ;
; serialGPIO:inst4|async_receiver:RX|Filter_cnt[1] ; 3       ;
; serialGPIO:inst4|async_receiver:RX|RxD_sync[1]   ; 2       ;
; serialGPIO:inst4|resistance_main_cap[3]          ; 1       ;
; serialGPIO:inst4|resistance_trigger[3]           ; 1       ;
; serialGPIO:inst4|async_receiver:RX|RxD_sync[0]   ; 1       ;
; serialGPIO:inst4|resistance_main_cap[6]          ; 1       ;
; serialGPIO:inst4|resistance_trigger[6]           ; 1       ;
; serialGPIO:inst4|resistance_main_cap[7]          ; 1       ;
; serialGPIO:inst4|resistance_trigger[7]           ; 1       ;
; Total number of inverted registers = 11          ;         ;
+--------------------------------------------------+---------+


+----------------------------------------------------------------------------------------------------------------------------------------------------------------------------------+
; Multiplexer Restructuring Statistics (Restructuring Performed)                                                                                                                   ;
+--------------------+-----------+---------------+----------------------+------------------------+------------+--------------------------------------------------------------------+
; Multiplexer Inputs ; Bus Width ; Baseline Area ; Area if Restructured ; Saving if Restructured ; Registered ; Example Multiplexer Output                                         ;
+--------------------+-----------+---------------+----------------------+------------------------+------------+--------------------------------------------------------------------+
; 3:1                ; 16 bits   ; 32 LEs        ; 16 LEs               ; 16 LEs                 ; Yes        ; |PPT_FPGA_CYC_4|igbt_trigger:inst26|counter[7]                     ;
; 3:1                ; 7 bits    ; 14 LEs        ; 7 LEs                ; 7 LEs                  ; Yes        ; |PPT_FPGA_CYC_4|serialGPIO:inst4|async_transmitter:TX|TxD_shift[2] ;
; 3:1                ; 8 bits    ; 16 LEs        ; 0 LEs                ; 16 LEs                 ; Yes        ; |PPT_FPGA_CYC_4|serialGPIO:inst4|resistance[0]                     ;
; 4:1                ; 3 bits    ; 6 LEs         ; 6 LEs                ; 0 LEs                  ; Yes        ; |PPT_FPGA_CYC_4|spi_module:inst17|r_TX_Bit_Count[1]                ;
; 5:1                ; 5 bits    ; 15 LEs        ; 5 LEs                ; 10 LEs                 ; Yes        ; |PPT_FPGA_CYC_4|spi_module:inst17|r_SPI_Clk_Edges[3]               ;
; 6:1                ; 3 bits    ; 12 LEs        ; 6 LEs                ; 6 LEs                  ; Yes        ; |PPT_FPGA_CYC_4|serialGPIO:inst4|op_counter[0]                     ;
; 8:1                ; 2 bits    ; 10 LEs        ; 8 LEs                ; 2 LEs                  ; Yes        ; |PPT_FPGA_CYC_4|serialGPIO:inst4|tx_msg[3]                         ;
; 12:1               ; 2 bits    ; 16 LEs        ; 8 LEs                ; 8 LEs                  ; Yes        ; |PPT_FPGA_CYC_4|serialGPIO:inst4|tx_msg[2]                         ;
; 3:1                ; 2 bits    ; 4 LEs         ; 0 LEs                ; 4 LEs                  ; Yes        ; |PPT_FPGA_CYC_4|serialGPIO:inst4|async_receiver:RX|Filter_cnt[0]   ;
+--------------------+-----------+---------------+----------------------+------------------------+------------+--------------------------------------------------------------------+


+---------------------------------------------------------------------------------+
; Parameter Settings for User Entity Instance: serialGPIO:inst4|async_receiver:RX ;
+----------------+----------+-----------------------------------------------------+
; Parameter Name ; Value    ; Type                                                ;
+----------------+----------+-----------------------------------------------------+
; ClkFrequency   ; 50000000 ; Signed Integer                                      ;
; Baud           ; 115200   ; Signed Integer                                      ;
; Oversampling   ; 8        ; Signed Integer                                      ;
+----------------+----------+-----------------------------------------------------+
Note: In order to hide this table in the UI and the text report file, please set the "Show Parameter Settings in Synthesis Report" option in "Analysis and Synthesis Settings -> More Settings" to "Off".


+-----------------------------------------------------------------------------------------------------+
; Parameter Settings for User Entity Instance: serialGPIO:inst4|async_receiver:RX|BaudTickGen:tickgen ;
+----------------+----------+-------------------------------------------------------------------------+
; Parameter Name ; Value    ; Type                                                                    ;
+----------------+----------+-------------------------------------------------------------------------+
; ClkFrequency   ; 50000000 ; Signed Integer                                                          ;
; Baud           ; 115200   ; Signed Integer                                                          ;
; Oversampling   ; 8        ; Signed Integer                                                          ;
+----------------+----------+-------------------------------------------------------------------------+
Note: In order to hide this table in the UI and the text report file, please set the "Show Parameter Settings in Synthesis Report" option in "Analysis and Synthesis Settings -> More Settings" to "Off".


+------------------------------------------------------------------------------------+
; Parameter Settings for User Entity Instance: serialGPIO:inst4|async_transmitter:TX ;
+----------------+----------+--------------------------------------------------------+
; Parameter Name ; Value    ; Type                                                   ;
+----------------+----------+--------------------------------------------------------+
; ClkFrequency   ; 50000000 ; Signed Integer                                         ;
; Baud           ; 115200   ; Signed Integer                                         ;
+----------------+----------+--------------------------------------------------------+
Note: In order to hide this table in the UI and the text report file, please set the "Show Parameter Settings in Synthesis Report" option in "Analysis and Synthesis Settings -> More Settings" to "Off".


+--------------------------------------------------------------------------------------------------------+
; Parameter Settings for User Entity Instance: serialGPIO:inst4|async_transmitter:TX|BaudTickGen:tickgen ;
+----------------+----------+----------------------------------------------------------------------------+
; Parameter Name ; Value    ; Type                                                                       ;
+----------------+----------+----------------------------------------------------------------------------+
; ClkFrequency   ; 50000000 ; Signed Integer                                                             ;
; Baud           ; 115200   ; Signed Integer                                                             ;
; Oversampling   ; 1        ; Signed Integer                                                             ;
+----------------+----------+----------------------------------------------------------------------------+
Note: In order to hide this table in the UI and the text report file, please set the "Show Parameter Settings in Synthesis Report" option in "Analysis and Synthesis Settings -> More Settings" to "Off".


+----------------------------------------------------------------+
; Parameter Settings for User Entity Instance: spi_module:inst17 ;
+-------------------+-------+------------------------------------+
; Parameter Name    ; Value ; Type                               ;
+-------------------+-------+------------------------------------+
; SPI_MODE          ; 0     ; Signed Integer                     ;
; CLKS_PER_HALF_BIT ; 4     ; Signed Integer                     ;
+-------------------+-------+------------------------------------+
Note: In order to hide this table in the UI and the text report file, please set the "Show Parameter Settings in Synthesis Report" option in "Analysis and Synthesis Settings -> More Settings" to "Off".


+-------------------------------------------------------------------------------------+
; Parameter Settings for Inferred Entity Instance: igbt_trigger:inst26|lpm_mult:Mult0 ;
+------------------------------------------------+------------+-----------------------+
; Parameter Name                                 ; Value      ; Type                  ;
+------------------------------------------------+------------+-----------------------+
; AUTO_CARRY_CHAINS                              ; ON         ; AUTO_CARRY            ;
; IGNORE_CARRY_BUFFERS                           ; OFF        ; IGNORE_CARRY          ;
; AUTO_CASCADE_CHAINS                            ; ON         ; AUTO_CASCADE          ;
; IGNORE_CASCADE_BUFFERS                         ; OFF        ; IGNORE_CASCADE        ;
; LPM_WIDTHA                                     ; 6          ; Untyped               ;
; LPM_WIDTHB                                     ; 8          ; Untyped               ;
; LPM_WIDTHP                                     ; 14         ; Untyped               ;
; LPM_WIDTHR                                     ; 14         ; Untyped               ;
; LPM_WIDTHS                                     ; 1          ; Untyped               ;
; LPM_REPRESENTATION                             ; UNSIGNED   ; Untyped               ;
; LPM_PIPELINE                                   ; 0          ; Untyped               ;
; LATENCY                                        ; 0          ; Untyped               ;
; INPUT_A_IS_CONSTANT                            ; YES        ; Untyped               ;
; INPUT_B_IS_CONSTANT                            ; NO         ; Untyped               ;
; USE_EAB                                        ; OFF        ; Untyped               ;
; MAXIMIZE_SPEED                                 ; 5          ; Untyped               ;
; DEVICE_FAMILY                                  ; Cyclone II ; Untyped               ;
; CARRY_CHAIN                                    ; MANUAL     ; Untyped               ;
; APEX20K_TECHNOLOGY_MAPPER                      ; LUT        ; TECH_MAPPER_APEX20K   ;
; DEDICATED_MULTIPLIER_CIRCUITRY                 ; AUTO       ; Untyped               ;
; DEDICATED_MULTIPLIER_MIN_INPUT_WIDTH_FOR_AUTO  ; 0          ; Untyped               ;
; DEDICATED_MULTIPLIER_MIN_OUTPUT_WIDTH_FOR_AUTO ; 0          ; Untyped               ;
; CBXI_PARAMETER                                 ; NOTHING    ; Untyped               ;
; INPUT_A_FIXED_VALUE                            ; Bx         ; Untyped               ;
; INPUT_B_FIXED_VALUE                            ; Bx         ; Untyped               ;
; USE_AHDL_IMPLEMENTATION                        ; OFF        ; Untyped               ;
+------------------------------------------------+------------+-----------------------+
Note: In order to hide this table in the UI and the text report file, please set the "Show Parameter Settings in Synthesis Report" option in "Analysis and Synthesis Settings -> More Settings" to "Off".


+----------------------------------------------------------------------------+
; lpm_mult Parameter Settings by Entity Instance                             ;
+---------------------------------------+------------------------------------+
; Name                                  ; Value                              ;
+---------------------------------------+------------------------------------+
; Number of entity instances            ; 1                                  ;
; Entity Instance                       ; igbt_trigger:inst26|lpm_mult:Mult0 ;
;     -- LPM_WIDTHA                     ; 6                                  ;
;     -- LPM_WIDTHB                     ; 8                                  ;
;     -- LPM_WIDTHP                     ; 14                                 ;
;     -- LPM_REPRESENTATION             ; UNSIGNED                           ;
;     -- INPUT_A_IS_CONSTANT            ; YES                                ;
;     -- INPUT_B_IS_CONSTANT            ; NO                                 ;
;     -- USE_EAB                        ; OFF                                ;
;     -- DEDICATED_MULTIPLIER_CIRCUITRY ; AUTO                               ;
;     -- INPUT_A_FIXED_VALUE            ; Bx                                 ;
;     -- INPUT_B_FIXED_VALUE            ; Bx                                 ;
+---------------------------------------+------------------------------------+


+-----------------------------------------------------------------------------------------------------------------------------------------+
; Port Connectivity Checks: "serialGPIO:inst4|async_transmitter:TX"                                                                       ;
+----------+--------+----------+----------------------------------------------------------------------------------------------------------+
; Port     ; Type   ; Severity ; Details                                                                                                  ;
+----------+--------+----------+----------------------------------------------------------------------------------------------------------+
; TxD_busy ; Output ; Warning  ; Declared by entity but not connected by instance. Logic that only feeds a dangling port will be removed. ;
+----------+--------+----------+----------------------------------------------------------------------------------------------------------+


+------------------------------------------------------------------------------------+
; Port Connectivity Checks: "serialGPIO:inst4|async_receiver:RX|BaudTickGen:tickgen" ;
+--------+-------+----------+--------------------------------------------------------+
; Port   ; Type  ; Severity ; Details                                                ;
+--------+-------+----------+--------------------------------------------------------+
; enable ; Input ; Info     ; Stuck at VCC                                           ;
+--------+-------+----------+--------------------------------------------------------+


+------------------------------------------------------------------------------------------------------------------------------------------------+
; Port Connectivity Checks: "serialGPIO:inst4|async_receiver:RX"                                                                                 ;
+-----------------+--------+----------+----------------------------------------------------------------------------------------------------------+
; Port            ; Type   ; Severity ; Details                                                                                                  ;
+-----------------+--------+----------+----------------------------------------------------------------------------------------------------------+
; RxD_idle        ; Output ; Warning  ; Declared by entity but not connected by instance. Logic that only feeds a dangling port will be removed. ;
; RxD_endofpacket ; Output ; Warning  ; Declared by entity but not connected by instance. Logic that only feeds a dangling port will be removed. ;
+-----------------+--------+----------+----------------------------------------------------------------------------------------------------------+


+-------------------------------+
; Elapsed Time Per Partition    ;
+----------------+--------------+
; Partition Name ; Elapsed Time ;
+----------------+--------------+
; Top            ; 00:00:01     ;
+----------------+--------------+


+-------------------------------+
; Analysis & Synthesis Messages ;
+-------------------------------+
Info: *******************************************************************
Info: Running Quartus II 64-Bit Analysis & Synthesis
    Info: Version 13.0.1 Build 232 06/12/2013 Service Pack 1 SJ Web Edition
    Info: Processing started: Fri Oct 10 14:49:37 2025
Info: Command: quartus_map --read_settings_files=on --write_settings_files=off PPT_FPGA_CYC_4 -c PPT_FPGA_CYC_4
Warning (20028): Parallel compilation is not licensed and has been disabled
Info (12021): Found 1 design units, including 1 entities, in source file ppt_fpga_cyc_4.bdf
    Info (12023): Found entity 1: PPT_FPGA_CYC_4
Info (12021): Found 3 design units, including 3 entities, in source file output_files/debouncer.v
    Info (12023): Found entity 1: debounce
    Info (12023): Found entity 2: clock_div
    Info (12023): Found entity 3: my_dff
Info (12021): Found 1 design units, including 1 entities, in source file output_files/pushbutton_debouncer.v
    Info (12023): Found entity 1: PushButton_Debouncer
Info (12021): Found 1 design units, including 1 entities, in source file output_files/counter_trigger_100ns.v
    Info (12023): Found entity 1: igbt_trigger_module
Warning (12019): Can't analyze file -- file Charger.v is missing
Info (12021): Found 1 design units, including 1 entities, in source file charging.bdf
    Info (12023): Found entity 1: Charging
Info (12021): Found 1 design units, including 1 entities, in source file discharging.bdf
    Info (12023): Found entity 1: Discharging
Info (12021): Found 0 design units, including 0 entities, in source file serial_async.v
Info (12021): Found 3 design units, including 3 entities, in source file async_receiver.v
    Info (12023): Found entity 1: async_receiver
    Info (12023): Found entity 2: ASSERTION_ERROR
    Info (12023): Found entity 3: BaudTickGen
Info (12021): Found 1 design units, including 1 entities, in source file async_transmitter.v
    Info (12023): Found entity 1: async_transmitter
Info (12021): Found 1 design units, including 1 entities, in source file serial_gpio.v
    Info (12023): Found entity 1: serialGPIO
Info (12021): Found 1 design units, including 1 entities, in source file output_files/var_storage.v
    Info (12023): Found entity 1: var_storage
Info (12021): Found 1 design units, including 1 entities, in source file output_files/spi_module.v
    Info (12023): Found entity 1: spi_module
Info (12021): Found 1 design units, including 1 entities, in source file output_files/igbt_trigger_module.v
    Info (12023): Found entity 1: igbt_trigger
Info (12021): Found 1 design units, including 1 entities, in source file output_files/igbt_trigger.v
    Info (12023): Found entity 1: IGBTTrigger
Info (12021): Found 1 design units, including 1 entities, in source file output_files/cap_charger.v
    Info (12023): Found entity 1: CapacitorCharger
Info (12021): Found 1 design units, including 1 entities, in source file output_files/fire_controller.v
    Info (12023): Found entity 1: FireController
Info (12127): Elaborating entity "PPT_FPGA_CYC_4" for the top level hierarchy
Warning (275011): Block or symbol "VCC" of instance "inst23" overlaps another block or symbol
Info (12128): Elaborating entity "igbt_trigger" for hierarchy "igbt_trigger:inst26"
Warning (10230): Verilog HDL assignment warning at igbt_trigger_module.v(11): truncated value with size 32 to match size of target (16)
Warning (10230): Verilog HDL assignment warning at igbt_trigger_module.v(29): truncated value with size 32 to match size of target (16)
Info (12128): Elaborating entity "FireController" for hierarchy "FireController:inst30"
Info (12128): Elaborating entity "serialGPIO" for hierarchy "serialGPIO:inst4"
Warning (10036): Verilog HDL or VHDL warning at serial_GPIO.v(27): object "trig_counter" assigned a value but never read
Warning (10230): Verilog HDL assignment warning at serial_GPIO.v(131): truncated value with size 32 to match size of target (3)
Warning (10230): Verilog HDL assignment warning at serial_GPIO.v(143): truncated value with size 32 to match size of target (3)
Info (12128): Elaborating entity "async_receiver" for hierarchy "serialGPIO:inst4|async_receiver:RX"
Info (12128): Elaborating entity "BaudTickGen" for hierarchy "serialGPIO:inst4|async_receiver:RX|BaudTickGen:tickgen"
Info (12128): Elaborating entity "async_transmitter" for hierarchy "serialGPIO:inst4|async_transmitter:TX"
Info (12128): Elaborating entity "BaudTickGen" for hierarchy "serialGPIO:inst4|async_transmitter:TX|BaudTickGen:tickgen"
Info (12128): Elaborating entity "CapacitorCharger" for hierarchy "CapacitorCharger:inst27"
Info (12128): Elaborating entity "PushButton_Debouncer" for hierarchy "PushButton_Debouncer:inst10"
Info (12128): Elaborating entity "spi_module" for hierarchy "spi_module:inst17"
Info (278001): Inferred 1 megafunctions from design logic
    Info (278003): Inferred multiplier megafunction ("lpm_mult") from the following logic: "igbt_trigger:inst26|Mult0"
Info (12130): Elaborated megafunction instantiation "igbt_trigger:inst26|lpm_mult:Mult0"
Info (12133): Instantiated megafunction "igbt_trigger:inst26|lpm_mult:Mult0" with the following parameter:
    Info (12134): Parameter "LPM_WIDTHA" = "6"
    Info (12134): Parameter "LPM_WIDTHB" = "8"
    Info (12134): Parameter "LPM_WIDTHP" = "14"
    Info (12134): Parameter "LPM_WIDTHR" = "14"
    Info (12134): Parameter "LPM_WIDTHS" = "1"
    Info (12134): Parameter "LPM_REPRESENTATION" = "UNSIGNED"
    Info (12134): Parameter "INPUT_A_IS_CONSTANT" = "YES"
    Info (12134): Parameter "INPUT_B_IS_CONSTANT" = "NO"
    Info (12134): Parameter "MAXIMIZE_SPEED" = "5"
Info (12131): Elaborated megafunction instantiation "igbt_trigger:inst26|lpm_mult:Mult0|multcore:mult_core", which is child of megafunction instantiation "igbt_trigger:inst26|lpm_mult:Mult0"
Info (12131): Elaborated megafunction instantiation "igbt_trigger:inst26|lpm_mult:Mult0|multcore:mult_core|mpar_add:padder", which is child of megafunction instantiation "igbt_trigger:inst26|lpm_mult:Mult0"
Info (12131): Elaborated megafunction instantiation "igbt_trigger:inst26|lpm_mult:Mult0|multcore:mult_core|mpar_add:padder|lpm_add_sub:adder[0]", which is child of megafunction instantiation "igbt_trigger:inst26|lpm_mult:Mult0"
Info (12021): Found 1 design units, including 1 entities, in source file db/add_sub_1ch.tdf
    Info (12023): Found entity 1: add_sub_1ch
Info (12131): Elaborated megafunction instantiation "igbt_trigger:inst26|lpm_mult:Mult0|altshift:external_latency_ffs", which is child of megafunction instantiation "igbt_trigger:inst26|lpm_mult:Mult0"
Warning (12241): 2 hierarchies have connectivity warnings - see the Connectivity Checks report folder
Warning (13024): Output pins are stuck at VCC or GND
    Warning (13410): Pin "cap_12V" is stuck at VCC
    Warning (13410): Pin "trig_12V" is stuck at VCC
    Warning (13410): Pin "spark_pwr" is stuck at VCC
    Warning (13410): Pin "D2_LED" is stuck at VCC
    Warning (13410): Pin "D4_LED" is stuck at VCC
    Warning (13410): Pin "D5_LED" is stuck at VCC
Info (144001): Generated suppressed messages file C:/Users/gshes/OneDrive/Desktop/PPT_FPGA_CYC_4/output_files/PPT_FPGA_CYC_4.map.smsg
Info (16010): Generating hard_block partition "hard_block:auto_generated_inst"
    Info (16011): Adding 0 node(s), including 0 DDIO, 0 PLL, 0 transceiver and 0 LCELL
Info (21057): Implemented 506 device resources after synthesis - the final resource count might be different
    Info (21058): Implemented 8 input pins
    Info (21059): Implemented 17 output pins
    Info (21061): Implemented 481 logic cells
Info: Quartus II 64-Bit Analysis & Synthesis was successful. 0 errors, 16 warnings
    Info: Peak virtual memory: 4611 megabytes
    Info: Processing ended: Fri Oct 10 14:49:40 2025
    Info: Elapsed time: 00:00:03
    Info: Total CPU time (on all processors): 00:00:03


+------------------------------------------+
; Analysis & Synthesis Suppressed Messages ;
+------------------------------------------+
The suppressed messages can be found in C:/Users/gshes/OneDrive/Desktop/PPT_FPGA_CYC_4/output_files/PPT_FPGA_CYC_4.map.smsg.


